2026-05-31 15:08:02.026: [INFO] OnDoneLoading sync enabled: 0
2026-05-31 15:10:57.476: [INFO] OnDoneLoading sync enabled: 0
2026-05-31 15:13:16.209: [INFO] OnDoneLoading sync enabled: 0
2026-06-01 12:14:40.745: [INFO] OnDoneLoading sync enabled: 0
2026-06-01 12:22:51.372: [INFO] OnDoneLoading sync enabled: 0
2026-06-01 13:03:19.981: [INFO] OnDoneLoading sync enabled: 0
2026-06-04 17:42:29.963: [INFO] OnDoneLoading sync enabled: 0
2026-06-04 17:53:00.390: [INFO] OnDoneLoading sync enabled: 0
2026-06-04 18:01:58.151: [INFO] OnDoneLoading sync enabled: 0
2026-06-04 18:11:54.765: [INFO] OnDoneLoading sync enabled: 0
2026-06-04 18:25:15.308: [INFO] OnDoneLoading sync enabled: 0
2026-06-04 18:27:17.384: [INFO] OnDoneLoading sync enabled: 0
2026-06-04 18:37:05.986: [INFO] OnDoneLoading sync enabled: 0
2026-06-04 18:40:34.270: [INFO] OnDoneLoading sync enabled: 0
2026-06-04 18:52:54.540: [INFO] OnDoneLoading sync enabled: 0
2026-06-04 18:57:29.308: [INFO] OnDoneLoading sync enabled: 0
2026-06-04 18:57:57.274: [INFO] OnDoneLoading sync enabled: 0
2026-06-04 19:00:00.003: [INFO] OnDoneLoading sync enabled: 0
2026-06-04 19:00:29.246: [INFO] OnDoneLoading sync enabled: 0
2026-06-04 19:02:49.362: [INFO] OnDoneLoading sync enabled: 0
2026-06-04 19:04:42.343: [INFO] OnDoneLoading sync enabled: 0
2026-06-04 19:07:58.333: [INFO] OnDoneLoading sync enabled: 0
2026-06-04 19:09:26.690: [INFO] OnDoneLoading sync enabled: 0
2026-06-04 19:13:03.805: [INFO] OnDoneLoading sync enabled: 0
2026-06-04 19:14:06.570: [INFO] OnDoneLoading sync enabled: 0
2026-06-04 19:17:17.792: [INFO] OnDoneLoading sync enabled: 0
2026-06-08 11:21:32.344: [INFO] OnDoneLoading sync enabled: 0
2026-06-08 12:51:39.848: [INFO] OnDoneLoading sync enabled: 0
2026-06-22 17:28:12.813: [INFO] OnDoneLoading sync enabled: 0
2026-06-22 18:51:35.031: [INFO] OnDoneLoading sync enabled: 0
2026-06-25 18:25:08.732: [INFO] OnDoneLoading sync enabled: 0
2026-06-25 18:40:40.330: [INFO] OnDoneLoading sync enabled: 0
2026-06-25 18:41:06.067: [INFO] OnDoneLoading sync enabled: 0
2026-06-25 18:44:48.906: [INFO] OnDoneLoading sync enabled: 0
2026-06-25 18:48:44.132: [INFO] OnDoneLoading sync enabled: 0
2026-06-25 18:51:27.803: [INFO] OnDoneLoading sync enabled: 0
2026-06-25 19:29:29.394: [INFO] OnDoneLoading sync enabled: 0
2026-06-25 19:42:07.955: [INFO] OnDoneLoading sync enabled: 0
2026-06-26 16:06:43.633: [INFO] OnDoneLoading sync enabled: 0
2026-06-26 16:07:39.159: [INFO] OnDoneLoading sync enabled: 0
2026-06-26 16:15:57.054: [INFO] OnDoneLoading sync enabled: 0
2026-06-26 16:16:47.490: [INFO] OnDoneLoading sync enabled: 0
2026-06-26 16:17:08.724: [INFO] OnDoneLoading sync enabled: 0
2026-06-26 16:20:04.994: [INFO] OnDoneLoading sync enabled: 0
2026-06-26 16:23:58.897: [INFO] OnDoneLoading sync enabled: 0
2026-06-26 16:25:38.446: [INFO] OnDoneLoading sync enabled: 0
2026-06-26 16:28:04.820: [INFO] OnDoneLoading sync enabled: 0
2026-06-27 17:30:26.299: [INFO] OnDoneLoading sync enabled: 0
2026-06-27 18:20:16.954: [INFO] OnDoneLoading sync enabled: 0
2026-06-27 18:23:38.541: [INFO] OnDoneLoading sync enabled: 0
2026-06-27 18:28:39.409: [INFO] OnDoneLoading sync enabled: 0
2026-06-27 18:29:10.559: [INFO] OnDoneLoading sync enabled: 0
2026-06-27 18:30:27.021: [INFO] OnDoneLoading sync enabled: 0
2026-06-27 18:40:58.279: [INFO] OnDoneLoading sync enabled: 0
2026-06-27 18:45:45.155: [INFO] OnDoneLoading sync enabled: 0
2026-06-27 18:47:06.311: [INFO] OnDoneLoading sync enabled: 0
2026-06-29 21:08:49.860: [INFO] OnDoneLoading sync enabled: 0
2026-06-29 21:34:25.812: [INFO] OnDoneLoading sync enabled: 0
2026-06-29 21:56:31.967: [INFO] OnDoneLoading sync enabled: 0
2026-06-29 21:59:24.334: [INFO] OnDoneLoading sync enabled: 0
2026-06-29 22:00:14.978: [INFO] OnDoneLoading sync enabled: 0
2026-06-29 22:02:04.921: [INFO] OnDoneLoading sync enabled: 0
2026-06-29 22:02:53.253: [INFO] OnDoneLoading sync enabled: 0
2026-06-29 22:15:54.327: [INFO] OnDoneLoading sync enabled: 0
2026-06-29 22:20:04.205: [INFO] OnDoneLoading sync enabled: 0
2026-06-29 22:20:26.592: [INFO] OnDoneLoading sync enabled: 0
2026-06-29 22:21:41.735: [INFO] OnDoneLoading sync enabled: 0
2026-06-29 22:22:20.233: [INFO] OnDoneLoading sync enabled: 0
2026-06-29 22:24:45.984: [INFO] OnDoneLoading sync enabled: 0
2026-06-29 22:27:37.468: [INFO] OnDoneLoading sync enabled: 0
2026-06-29 22:27:56.581: [INFO] OnDoneLoading sync enabled: 0
2026-06-30 16:10:07.252: [INFO] OnDoneLoading sync enabled: 0
2026-06-30 16:10:37.964: [INFO] OnDoneLoading sync enabled: 0
2026-06-30 16:13:48.278: [INFO] OnDoneLoading sync enabled: 0
2026-06-30 16:44:07.280: [INFO] OnDoneLoading sync enabled: 0
2026-06-30 17:21:47.055: [INFO] OnDoneLoading sync enabled: 0
2026-06-30 17:24:06.484: [INFO] OnDoneLoading sync enabled: 0
2026-07-02 12:06:08.667: [INFO] OnDoneLoading sync enabled: 0
2026-07-02 12:08:06.608: [INFO] OnDoneLoading sync enabled: 0
2026-07-02 12:09:09.794: [INFO] OnDoneLoading sync enabled: 0
2026-07-02 12:18:07.644: [INFO] OnDoneLoading sync enabled: 0
2026-07-02 12:18:59.582: [INFO] OnDoneLoading sync enabled: 0
2026-07-02 12:24:42.810: [INFO] OnDoneLoading sync enabled: 0
2026-07-02 13:14:21.188: [INFO] OnDoneLoading sync enabled: 0
2026-07-02 13:14:49.962: [INFO] OnDoneLoading sync enabled: 0
2026-07-02 13:15:28.042: [INFO] OnDoneLoading sync enabled: 0
2026-07-02 13:18:53.176: [INFO] OnDoneLoading sync enabled: 0
2026-07-02 13:24:57.700: [INFO] OnDoneLoading sync enabled: 0
2026-07-02 13:25:17.792: [INFO] OnDoneLoading sync enabled: 0
2026-07-02 13:25:26.929: [INFO] OnDoneLoading sync enabled: 0
2026-07-02 13:26:23.438: [INFO] OnDoneLoading sync enabled: 0
2026-07-02 13:26:47.805: [INFO] OnDoneLoading sync enabled: 0
2026-07-02 13:27:20.267: [INFO] OnDoneLoading sync enabled: 0
2026-07-02 13:29:34.452: [INFO] OnDoneLoading sync enabled: 0
2026-07-02 13:31:10.499: [INFO] OnDoneLoading sync enabled: 0
2026-07-02 13:31:47.675: [INFO] OnDoneLoading sync enabled: 0
2026-07-02 13:31:54.891: [INFO] OnDoneLoading sync enabled: 0
2026-07-02 13:34:26.555: [INFO] OnDoneLoading sync enabled: 0
2026-07-02 13:34:49.592: [INFO] OnDoneLoading sync enabled: 0
2026-07-02 13:35:19.476: [INFO] OnDoneLoading sync enabled: 0
2026-07-02 13:35:37.239: [INFO] OnDoneLoading sync enabled: 0
2026-07-02 13:35:52.085: [INFO] OnDoneLoading sync enabled: 0
2026-07-02 13:39:36.685: [INFO] OnDoneLoading sync enabled: 0
2026-07-02 13:42:33.168: [INFO] OnDoneLoading sync enabled: 0
2026-07-02 13:42:58.511: [INFO] OnDoneLoading sync enabled: 0
2026-07-02 13:43:04.740: [INFO] OnDoneLoading sync enabled: 0
2026-07-02 13:49:09.213: [INFO] OnDoneLoading sync enabled: 0
2026-07-02 13:49:19.206: [INFO] OnDoneLoading sync enabled: 0
2026-07-02 13:50:52.753: [INFO] OnDoneLoading sync enabled: 0
2026-07-02 13:50:59.545: [INFO] OnDoneLoading sync enabled: 0
2026-07-02 13:51:35.585: [INFO] OnDoneLoading sync enabled: 0
2026-07-02 13:52:24.126: [INFO] OnDoneLoading sync enabled: 0
2026-07-02 13:52:50.613: [INFO] OnDoneLoading sync enabled: 0
2026-07-02 13:57:51.986: [INFO] OnDoneLoading sync enabled: 0
2026-07-02 14:04:15.588: [INFO] OnDoneLoading sync enabled: 0
2026-07-02 14:10:23.132: [INFO] OnDoneLoading sync enabled: 0
2026-07-02 14:11:02.087: [INFO] OnDoneLoading sync enabled: 0
2026-07-02 14:11:14.268: [INFO] OnDoneLoading sync enabled: 0
2026-07-02 14:11:56.270: [INFO] OnDoneLoading sync enabled: 0
2026-07-02 14:12:14.124: [INFO] OnDoneLoading sync enabled: 0
2026-07-02 14:14:59.067: [INFO] OnDoneLoading sync enabled: 0
2026-07-02 14:15:20.365: [INFO] OnDoneLoading sync enabled: 0
2026-07-02 14:15:38.389: [INFO] OnDoneLoading sync enabled: 0
2026-07-02 14:16:30.366: [INFO] OnDoneLoading sync enabled: 0
2026-07-02 14:19:30.930: [INFO] OnDoneLoading sync enabled: 0
2026-07-02 14:20:18.642: [INFO] OnDoneLoading sync enabled: 0
2026-07-02 14:20:48.691: [INFO] OnDoneLoading sync enabled: 0
2026-07-03 14:20:19.048: [INFO] OnDoneLoading sync enabled: 0
2026-07-03 14:20:37.850: [INFO] OnDoneLoading sync enabled: 0
2026-07-03 14:21:01.252: [INFO] OnDoneLoading sync enabled: 0
2026-07-03 14:21:07.354: [INFO] OnDoneLoading sync enabled: 0
2026-07-03 14:21:44.254: [INFO] OnDoneLoading sync enabled: 0
2026-07-03 14:24:18.814: [INFO] OnDoneLoading sync enabled: 0
2026-07-03 14:24:38.277: [INFO] OnDoneLoading sync enabled: 0
2026-07-03 14:37:56.263: [INFO] OnDoneLoading sync enabled: 0
2026-07-03 15:17:07.888: [INFO] OnDoneLoading sync enabled: 0
2026-07-03 15:17:53.118: [INFO] OnDoneLoading sync enabled: 0
2026-07-03 15:18:22.467: [INFO] OnDoneLoading sync enabled: 0
2026-07-03 15:18:53.218: [INFO] OnDoneLoading sync enabled: 0
2026-07-03 15:19:17.009: [INFO] OnDoneLoading sync enabled: 0
2026-07-03 15:19:33.166: [INFO] OnDoneLoading sync enabled: 0
2026-07-03 15:19:52.275: [INFO] OnDoneLoading sync enabled: 0
2026-07-03 15:20:19.686: [INFO] OnDoneLoading sync enabled: 0
2026-07-03 15:20:39.742: [INFO] OnDoneLoading sync enabled: 0
2026-07-03 15:46:27.336: [INFO] OnDoneLoading sync enabled: 0
2026-07-03 15:53:16.569: [INFO] OnDoneLoading sync enabled: 0
2026-07-03 15:56:13.023: [INFO] OnDoneLoading sync enabled: 0
2026-07-03 15:59:03.216: [INFO] OnDoneLoading sync enabled: 0
2026-07-03 16:00:15.248: [INFO] OnDoneLoading sync enabled: 0
2026-07-03 16:00:42.334: [INFO] OnDoneLoading sync enabled: 0
2026-07-03 16:06:51.895: [INFO] OnDoneLoading sync enabled: 0
2026-07-03 16:07:21.175: [INFO] OnDoneLoading sync enabled: 0
2026-07-03 16:21:45.498: [INFO] OnDoneLoading sync enabled: 0
2026-07-03 16:23:10.244: [INFO] OnDoneLoading sync enabled: 0
2026-07-03 16:23:28.268: [INFO] OnDoneLoading sync enabled: 0
2026-07-03 16:23:40.445: [INFO] OnDoneLoading sync enabled: 0
2026-07-03 16:23:58.891: [INFO] OnDoneLoading sync enabled: 0
2026-07-03 16:24:44.567: [INFO] OnDoneLoading sync enabled: 0
2026-07-03 16:26:04.876: [INFO] OnDoneLoading sync enabled: 0
2026-07-03 16:26:25.557: [INFO] OnDoneLoading sync enabled: 0
2026-07-03 16:36:35.922: [INFO] OnDoneLoading sync enabled: 0
2026-07-03 16:40:59.285: [INFO] OnDoneLoading sync enabled: 0
2026-07-05 13:41:44.828: [INFO] OnDoneLoading sync enabled: 0
2026-07-06 10:48:09.507: [INFO] OnDoneLoading sync enabled: 0
2026-07-06 13:55:22.935: [INFO] OnDoneLoading sync enabled: 0
2026-07-06 13:55:45.278: [INFO] OnDoneLoading sync enabled: 0
2026-07-06 14:07:09.601: [INFO] OnDoneLoading sync enabled: 0
2026-07-06 14:08:09.661: [INFO] OnDoneLoading sync enabled: 0
2026-07-06 14:09:37.348: [INFO] OnDoneLoading sync enabled: 0
2026-07-06 14:10:03.164: [INFO] OnDoneLoading sync enabled: 0
2026-07-06 14:10:47.649: [INFO] OnDoneLoading sync enabled: 0
2026-07-06 14:11:14.512: [INFO] OnDoneLoading sync enabled: 0
2026-07-06 14:13:46.761: [INFO] OnDoneLoading sync enabled: 0
2026-07-06 14:14:06.327: [INFO] OnDoneLoading sync enabled: 0
2026-07-06 14:19:31.551: [INFO] OnDoneLoading sync enabled: 0
2026-07-06 14:19:50.541: [INFO] OnDoneLoading sync enabled: 0
2026-07-06 14:22:36.331: [INFO] OnDoneLoading sync enabled: 0
2026-07-06 14:23:19.866: [INFO] OnDoneLoading sync enabled: 0
2026-07-08 09:51:50.324: [INFO] OnDoneLoading sync enabled: 0
2026-07-08 10:50:18.070: [INFO] OnDoneLoading sync enabled: 0
2026-07-08 10:50:39.275: [INFO] OnDoneLoading sync enabled: 0
2026-07-08 10:51:23.003: [INFO] OnDoneLoading sync enabled: 0
2026-07-08 11:00:20.456: [INFO] OnDoneLoading sync enabled: 0
2026-07-08 11:00:48.867: [INFO] OnDoneLoading sync enabled: 0
2026-07-08 11:01:22.226: [INFO] OnDoneLoading sync enabled: 0
2026-07-08 11:05:22.871: [INFO] OnDoneLoading sync enabled: 0
2026-07-08 11:06:09.531: [INFO] OnDoneLoading sync enabled: 0
2026-07-08 11:07:38.608: [INFO] OnDoneLoading sync enabled: 0
2026-07-08 11:10:00.072: [INFO] OnDoneLoading sync enabled: 0
2026-07-08 11:11:19.291: [INFO] OnDoneLoading sync enabled: 0
2026-07-08 11:13:39.395: [INFO] OnDoneLoading sync enabled: 0
2026-07-08 11:16:59.835: [INFO] OnDoneLoading sync enabled: 0
2026-07-08 11:20:32.179: [INFO] OnDoneLoading sync enabled: 0
2026-07-08 11:22:11.744: [INFO] OnDoneLoading sync enabled: 0
2026-07-08 11:26:20.269: [INFO] OnDoneLoading sync enabled: 0
2026-07-08 11:28:19.798: [INFO] OnDoneLoading sync enabled: 0
2026-07-08 11:32:35.841: [INFO] OnDoneLoading sync enabled: 0
2026-07-10 19:46:42.174: [INFO] OnDoneLoading sync enabled: 0
2026-07-10 19:51:04.382: [INFO] OnDoneLoading sync enabled: 0
2026-07-10 19:54:30.542: [INFO] OnDoneLoading sync enabled: 0
2026-07-10 20:00:43.105: [INFO] OnDoneLoading sync enabled: 0
2026-07-10 20:57:35.252: [INFO] OnDoneLoading sync enabled: 0
2026-07-13 11:34:16.564: [INFO] OnDoneLoading sync enabled: 0
2026-07-13 12:09:17.061: [INFO] OnDoneLoading sync enabled: 0
2026-07-13 12:18:14.202: [INFO] OnDoneLoading sync enabled: 0
2026-07-13 12:18:57.097: [INFO] OnDoneLoading sync enabled: 0
2026-07-13 12:20:15.271: [INFO] OnDoneLoading sync enabled: 0
2026-07-13 12:22:25.362: [INFO] OnDoneLoading sync enabled: 0
2026-07-13 12:22:56.524: [INFO] OnDoneLoading sync enabled: 0
2026-07-13 12:47:46.825: [INFO] OnDoneLoading sync enabled: 0
2026-07-13 12:49:11.810: [INFO] OnDoneLoading sync enabled: 0
2026-07-13 12:49:40.438: [INFO] OnDoneLoading sync enabled: 0
2026-07-13 12:52:52.112: [INFO] OnDoneLoading sync enabled: 0
2026-07-13 12:53:02.227: [INFO] OnDoneLoading sync enabled: 0
2026-07-13 12:54:58.812: [INFO] OnDoneLoading sync enabled: 0
2026-07-13 12:58:22.392: [INFO] OnDoneLoading sync enabled: 0
2026-07-13 13:02:17.839: [INFO] OnDoneLoading sync enabled: 0
2026-07-13 13:04:05.064: [INFO] OnDoneLoading sync enabled: 0
2026-07-13 13:04:21.057: [INFO] OnDoneLoading sync enabled: 0
2026-07-13 13:05:58.033: [INFO] OnDoneLoading sync enabled: 0
2026-07-13 13:09:19.169: [INFO] OnDoneLoading sync enabled: 0
2026-07-13 13:10:37.635: [INFO] OnDoneLoading sync enabled: 0
2026-07-13 13:14:24.344: [INFO] OnDoneLoading sync enabled: 0
2026-07-13 13:15:05.943: [INFO] OnDoneLoading sync enabled: 0
2026-07-13 13:16:28.977: [INFO] OnDoneLoading sync enabled: 0
2026-07-14 13:41:02.408: [INFO] OnDoneLoading sync enabled: 0
2026-07-14 13:41:34.066: [INFO] OnDoneLoading sync enabled: 0
2026-07-14 13:41:54.872: [INFO] OnDoneLoading sync enabled: 0
2026-07-14 13:43:50.971: [INFO] OnDoneLoading sync enabled: 0
2026-07-14 13:44:30.748: [INFO] OnDoneLoading sync enabled: 0
2026-07-14 14:29:39.111: [INFO] OnDoneLoading sync enabled: 0
2026-07-14 14:33:29.109: [INFO] OnDoneLoading sync enabled: 0
2026-07-14 14:39:34.397: [INFO] OnDoneLoading sync enabled: 0
2026-07-14 14:48:35.415: [INFO] OnDoneLoading sync enabled: 0
2026-07-14 14:49:05.925: [INFO] OnDoneLoading sync enabled: 0
2026-07-14 14:49:52.987: [INFO] OnDoneLoading sync enabled: 0
2026-07-14 14:50:25.103: [INFO] OnDoneLoading sync enabled: 0
2026-07-14 14:51:05.089: [INFO] OnDoneLoading sync enabled: 0
2026-07-14 14:51:28.431: [INFO] OnDoneLoading sync enabled: 0
2026-07-14 14:51:49.276: [INFO] OnDoneLoading sync enabled: 0
2026-07-14 14:52:12.594: [INFO] OnDoneLoading sync enabled: 0
2026-07-14 14:52:39.499: [INFO] OnDoneLoading sync enabled: 0
2026-07-14 14:55:18.777: [INFO] OnDoneLoading sync enabled: 0
2026-07-14 14:55:55.369: [INFO] OnDoneLoading sync enabled: 0
2026-07-14 14:56:19.306: [INFO] OnDoneLoading sync enabled: 0
2026-07-14 15:01:16.645: [INFO] OnDoneLoading sync enabled: 0
2026-07-14 15:01:49.554: [INFO] OnDoneLoading sync enabled: 0
2026-07-14 15:02:02.611: [INFO] OnDoneLoading sync enabled: 0
2026-07-14 15:02:14.708: [INFO] OnDoneLoading sync enabled: 0
2026-07-14 15:31:53.642: [INFO] OnDoneLoading sync enabled: 0
2026-07-14 15:35:44.236: [INFO] OnDoneLoading sync enabled: 0
2026-07-14 15:36:42.571: [INFO] OnDoneLoading sync enabled: 0
2026-07-14 15:37:12.215: [INFO] OnDoneLoading sync enabled: 0
2026-07-14 15:42:00.663: [INFO] OnDoneLoading sync enabled: 0
2026-07-14 15:59:18.863: [INFO] OnDoneLoading sync enabled: 0
2026-07-14 16:16:34.942: [INFO] OnDoneLoading sync enabled: 0
2026-07-14 16:20:02.748: [INFO] OnDoneLoading sync enabled: 0
2026-07-14 16:22:47.007: [INFO] OnDoneLoading sync enabled: 0
2026-07-14 16:23:12.064: [INFO] OnDoneLoading sync enabled: 0
2026-07-14 16:23:47.083: [INFO] OnDoneLoading sync enabled: 0
2026-07-14 16:28:56.663: [INFO] OnDoneLoading sync enabled: 0
2026-07-14 16:29:41.748: [INFO] OnDoneLoading sync enabled: 0
2026-07-14 16:30:57.893: [INFO] OnDoneLoading sync enabled: 0
2026-07-14 16:32:03.279: [INFO] OnDoneLoading sync enabled: 0
2026-07-14 16:36:16.386: [INFO] OnDoneLoading sync enabled: 0
2026-07-14 16:37:26.182: [INFO] OnDoneLoading sync enabled: 0
2026-07-17 10:21:53.225: [INFO] OnDoneLoading sync enabled: 0
2026-07-17 11:27:19.696: [INFO] OnDoneLoading sync enabled: 0
2026-07-17 11:28:50.051: [INFO] OnDoneLoading sync enabled: 0
2026-07-17 11:51:30.820: [INFO] OnDoneLoading sync enabled: 0
2026-07-17 11:52:18.843: [INFO] OnDoneLoading sync enabled: 0
2026-07-17 11:59:05.236: [INFO] OnDoneLoading sync enabled: 0
2026-07-17 11:59:29.656: [INFO] OnDoneLoading sync enabled: 0
2026-07-17 12:00:57.950: [INFO] OnDoneLoading sync enabled: 0
2026-07-17 12:01:54.500: [INFO] OnDoneLoading sync enabled: 0
2026-07-17 12:02:25.397: [INFO] OnDoneLoading sync enabled: 0
2026-07-17 12:04:33.203: [INFO] OnDoneLoading sync enabled: 0
2026-07-17 12:06:20.873: [INFO] OnDoneLoading sync enabled: 0
2026-07-17 12:14:01.635: [INFO] OnDoneLoading sync enabled: 0
2026-07-17 12:14:17.380: [INFO] OnDoneLoading sync enabled: 0
2026-07-17 12:16:57.533: [INFO] OnDoneLoading sync enabled: 0
2026-07-17 12:19:20.153: [INFO] OnDoneLoading sync enabled: 0
2026-07-17 12:23:08.905: [INFO] OnDoneLoading sync enabled: 0
2026-07-17 12:23:45.643: [INFO] OnDoneLoading sync enabled: 0
2026-07-17 12:24:08.374: [INFO] OnDoneLoading sync enabled: 0
2026-07-17 12:58:15.954: [INFO] OnDoneLoading sync enabled: 0
2026-07-17 13:02:10.299: [INFO] OnDoneLoading sync enabled: 0
2026-07-17 13:02:44.539: [INFO] OnDoneLoading sync enabled: 0
2026-07-17 13:03:51.292: [INFO] OnDoneLoading sync enabled: 0
2026-07-17 13:05:24.911: [INFO] OnDoneLoading sync enabled: 0
2026-07-17 13:07:07.731: [INFO] OnDoneLoading sync enabled: 0
2026-07-17 13:08:19.191: [INFO] OnDoneLoading sync enabled: 0
2026-07-17 13:09:42.747: [INFO] OnDoneLoading sync enabled: 0
2026-07-17 13:10:30.066: [INFO] OnDoneLoading sync enabled: 0
2026-07-17 13:12:36.196: [INFO] OnDoneLoading sync enabled: 0
2026-07-17 13:13:02.055: [INFO] OnDoneLoading sync enabled: 0
2026-07-17 13:14:17.567: [INFO] OnDoneLoading sync enabled: 0
2026-07-19 11:58:18.526: [INFO] OnDoneLoading sync enabled: 0
2026-07-19 13:57:29.339: [INFO] OnDoneLoading sync enabled: 0
2026-07-19 14:46:05.621: [INFO] OnDoneLoading sync enabled: 0
2026-07-19 14:50:25.454: [INFO] OnDoneLoading sync enabled: 0
2026-07-20 08:36:50.898: [INFO] OnDoneLoading sync enabled: 0
2026-07-20 08:41:57.523: [INFO] OnDoneLoading sync enabled: 0
2026-07-20 09:20:01.220: [INFO] OnDoneLoading sync enabled: 0
2026-07-20 09:23:23.345: [INFO] OnDoneLoading sync enabled: 0
2026-07-20 09:34:09.717: [INFO] OnDoneLoading sync enabled: 0
2026-07-20 09:35:46.424: [INFO] OnDoneLoading sync enabled: 0
2026-07-20 09:54:55.806: [INFO] OnDoneLoading sync enabled: 0
2026-07-20 09:58:34.830: [INFO] OnDoneLoading sync enabled: 0
2026-07-20 10:04:25.295: [INFO] OnDoneLoading sync enabled: 0
2026-07-20 10:08:52.703: [INFO] OnDoneLoading sync enabled: 0
2026-07-21 12:28:57.575: [INFO] OnDoneLoading sync enabled: 0
2026-07-21 12:43:55.529: [INFO] OnDoneLoading sync enabled: 0
2026-07-21 12:53:25.656: [INFO] OnDoneLoading sync enabled: 0
2026-07-21 13:03:25.477: [INFO] OnDoneLoading sync enabled: 0
2026-07-22 16:45:20.475: [INFO] OnDoneLoading sync enabled: 0
2026-07-22 17:58:55.506: [INFO] OnDoneLoading sync enabled: 0
2026-07-22 18:07:02.910: [INFO] OnDoneLoading sync enabled: 0
2026-07-22 18:13:18.468: [INFO] OnDoneLoading sync enabled: 0
2026-07-22 18:15:11.086: [INFO] OnDoneLoading sync enabled: 0
2026-07-22 18:25:25.235: [INFO] OnDoneLoading sync enabled: 0
2026-07-22 18:42:54.823: [INFO] OnDoneLoading sync enabled: 0
2026-07-22 18:58:43.769: [INFO] OnDoneLoading sync enabled: 0
2026-07-22 19:01:16.677: [INFO] OnDoneLoading sync enabled: 0
2026-07-23 12:18:34.706: [INFO] OnDoneLoading sync enabled: 0
2026-07-23 12:20:56.123: [INFO] OnDoneLoading sync enabled: 0
2026-07-23 12:29:20.144: [INFO] OnDoneLoading sync enabled: 0
2026-07-23 12:32:00.714: [INFO] OnDoneLoading sync enabled: 0
2026-07-23 12:36:54.335: [INFO] OnDoneLoading sync enabled: 0
2026-07-25 13:15:04.243: [INFO] OnDoneLoading sync enabled: 0
2026-07-25 13:22:43.979: [INFO] OnDoneLoading sync enabled: 0
2026-07-27 13:30:34.948: [INFO] OnDoneLoading sync enabled: 0
2026-07-27 13:36:38.721: [INFO] OnDoneLoading sync enabled: 0
2026-07-27 13:37:28.187: [INFO] OnDoneLoading sync enabled: 0
2026-07-27 13:44:33.356: [INFO] OnDoneLoading sync enabled: 0
2026-07-27 13:47:22.522: [INFO] OnDoneLoading sync enabled: 0
2026-07-27 13:48:58.497: [INFO] OnDoneLoading sync enabled: 0
2026-07-27 13:50:47.629: [INFO] OnDoneLoading sync enabled: 0
2026-08-17 13:58:28.542: [INFO] CurrentProfilePath: C:\Users\ZCpU0\OneDrive\Documents\GitHub\Visual Based Web Markup IDE\Visual Based Web Markup IDE\VWIDE\VWIDE\bin\Debug\net9.0-windows\VWIDE.exe.WebView2\EBWebView\Default
2026-08-17 13:58:28.542: [INFO] Profiles total count: 1
2026-08-17 13:58:28.542: [INFO] Profile: name=Profile 1 path=C:\Users\ZCpU0\OneDrive\Documents\GitHub\Visual Based Web Markup IDE\Visual Based Web Markup IDE\VWIDE\VWIDE\bin\Debug\net9.0-windows\VWIDE.exe.WebView2\EBWebView\Default lastActive=2026-07-27T13:49:19.593Z
2026-08-17 13:58:28.542: [INFO] LastUsedProfileDir: C:\Users\ZCpU0\OneDrive\Documents\GitHub\Visual Based Web Markup IDE\Visual Based Web Markup IDE\VWIDE\VWIDE\bin\Debug\net9.0-windows\VWIDE.exe.WebView2\EBWebView\Default
2026-08-17 13:58:28.542: [INFO] MostRecentlyActiveProfile: name=Profile 1 path=C:\Users\ZCpU0\OneDrive\Documents\GitHub\Visual Based Web Markup IDE\Visual Based Web Markup IDE\VWIDE\VWIDE\bin\Debug\net9.0-windows\VWIDE.exe.WebView2\EBWebView\Default lastActive=2026-07-27T13:49:19.593Z
2026-08-17 13:58:28.542: [INFO] OnDoneLoading sync enabled: 0
2026-08-17 13:58:28.542: [INFO] BookmarkModelLoaded, ids_reassigned: 0
2026-08-17 13:58:28.542: [INFO] BookmarksLoadDropped droppedNodes=0
2026-08-17 13:58:28.542: [INFO] BookmarksSnapshot Startup total=0 bar=0 other=0 mobile=0 showBar=0 showBarNTP=1
2026-08-17 13:59:37.218: [INFO] BookmarksSnapshot Shutdown total=0 bar=0 other=0 mobile=0 showBar=0 showBarNTP=1
2026-08-22 20:53:05.286: [INFO] CurrentProfilePath: C:\Users\ZCpU0\OneDrive\Documents\GitHub\Visual Based Web Markup IDE\Visual Based Web Markup IDE\VWIDE\VWIDE\bin\Debug\net9.0-windows\VWIDE.exe.WebView2\EBWebView\Default
2026-08-22 20:53:05.286: [INFO] Profiles total count: 1
2026-08-22 20:53:05.286: [INFO] Profile: name=Profile 1 path=C:\Users\ZCpU0\OneDrive\Documents\GitHub\Visual Based Web Markup IDE\Visual Based Web Markup IDE\VWIDE\VWIDE\bin\Debug\net9.0-windows\VWIDE.exe.WebView2\EBWebView\Default lastActive=2026-07-27T13:49:19.593Z
2026-08-22 20:53:05.286: [INFO] LastUsedProfileDir: C:\Users\ZCpU0\OneDrive\Documents\GitHub\Visual Based Web Markup IDE\Visual Based Web Markup IDE\VWIDE\VWIDE\bin\Debug\net9.0-windows\VWIDE.exe.WebView2\EBWebView\Default
2026-08-22 20:53:05.286: [INFO] MostRecentlyActiveProfile: name=Profile 1 path=C:\Users\ZCpU0\OneDrive\Documents\GitHub\Visual Based Web Markup IDE\Visual Based Web Markup IDE\VWIDE\VWIDE\bin\Debug\net9.0-windows\VWIDE.exe.WebView2\EBWebView\Default lastActive=2026-07-27T13:49:19.593Z
2026-08-22 20:53:05.286: [INFO] OnDoneLoading sync enabled: 0
2026-08-22 20:53:05.286: [INFO] BookmarkModelLoaded, ids_reassigned: 0
2026-08-22 20:53:05.286: [INFO] BookmarksLoadDropped droppedNodes=0
2026-08-22 20:53:05.286: [INFO] BookmarksSnapshot Startup total=0 bar=0 other=0 mobile=0 showBar=0 showBarNTP=1
2026-08-22 20:54:19.624: [INFO] BookmarksSnapshot Shutdown total=0 bar=0 other=0 mobile=0 showBar=0 showBarNTP=1
2026-08-22 20:58:49.041: [INFO] CurrentProfilePath: C:\Users\ZCpU0\OneDrive\Documents\GitHub\Visual Based Web Markup IDE\Visual Based Web Markup IDE\VWIDE\VWIDE\bin\Debug\net9.0-windows\VWIDE.exe.WebView2\EBWebView\Default
2026-08-22 20:58:49.041: [INFO] Profiles total count: 1
2026-08-22 20:58:49.042: [INFO] Profile: name=Profile 1 path=C:\Users\ZCpU0\OneDrive\Documents\GitHub\Visual Based Web Markup IDE\Visual Based Web Markup IDE\VWIDE\VWIDE\bin\Debug\net9.0-windows\VWIDE.exe.WebView2\EBWebView\Default lastActive=2026-07-27T13:49:19.593Z
2026-08-22 20:58:49.042: [INFO] LastUsedProfileDir: C:\Users\ZCpU0\OneDrive\Documents\GitHub\Visual Based Web Markup IDE\Visual Based Web Markup IDE\VWIDE\VWIDE\bin\Debug\net9.0-windows\VWIDE.exe.WebView2\EBWebView\Default
2026-08-22 20:58:49.042: [INFO] MostRecentlyActiveProfile: name=Profile 1 path=C:\Users\ZCpU0\OneDrive\Documents\GitHub\Visual Based Web Markup IDE\Visual Based Web Markup IDE\VWIDE\VWIDE\bin\Debug\net9.0-windows\VWIDE.exe.WebView2\EBWebView\Default lastActive=2026-07-27T13:49:19.593Z
2026-08-22 20:58:49.042: [INFO] OnDoneLoading sync enabled: 0
2026-08-22 20:58:49.042: [INFO] BookmarkModelLoaded, ids_reassigned: 0
2026-08-22 20:58:49.042: [INFO] BookmarksLoadDropped droppedNodes=0
2026-08-22 20:58:49.042: [INFO] BookmarksSnapshot Startup total=0 bar=0 other=0 mobile=0 showBar=0 showBarNTP=1
2026-08-22 20:59:16.464: [INFO] BookmarksSnapshot Shutdown total=0 bar=0 other=0 mobile=0 showBar=0 showBarNTP=1
2026-08-22 20:59:21.792: [INFO] CurrentProfilePath: C:\Users\ZCpU0\OneDrive\Documents\GitHub\Visual Based Web Markup IDE\Visual Based Web Markup IDE\VWIDE\VWIDE\bin\Debug\net9.0-windows\VWIDE.exe.WebView2\EBWebView\Default
2026-08-22 20:59:21.793: [INFO] Profiles total count: 1
2026-08-22 20:59:21.793: [INFO] Profile: name=Profile 1 path=C:\Users\ZCpU0\OneDrive\Documents\GitHub\Visual Based Web Markup IDE\Visual Based Web Markup IDE\VWIDE\VWIDE\bin\Debug\net9.0-windows\VWIDE.exe.WebView2\EBWebView\Default lastActive=2026-07-27T13:49:19.593Z
2026-08-22 20:59:21.793: [INFO] LastUsedProfileDir: C:\Users\ZCpU0\OneDrive\Documents\GitHub\Visual Based Web Markup IDE\Visual Based Web Markup IDE\VWIDE\VWIDE\bin\Debug\net9.0-windows\VWIDE.exe.WebView2\EBWebView\Default
2026-08-22 20:59:21.793: [INFO] MostRecentlyActiveProfile: name=Profile 1 path=C:\Users\ZCpU0\OneDrive\Documents\GitHub\Visual Based Web Markup IDE\Visual Based Web Markup IDE\VWIDE\VWIDE\bin\Debug\net9.0-windows\VWIDE.exe.WebView2\EBWebView\Default lastActive=2026-07-27T13:49:19.593Z
2026-08-22 20:59:21.793: [INFO] OnDoneLoading sync enabled: 0
2026-08-22 20:59:21.793: [INFO] BookmarkModelLoaded, ids_reassigned: 0
2026-08-22 20:59:21.793: [INFO] BookmarksLoadDropped droppedNodes=0
2026-08-22 20:59:21.793: [INFO] BookmarksSnapshot Startup total=0 bar=0 other=0 mobile=0 showBar=0 showBarNTP=1
2026-08-22 21:02:38.284: [INFO] BookmarksSnapshot Shutdown total=0 bar=0 other=0 mobile=0 showBar=0 showBarNTP=1
2026-08-24 10:09:27.788: [INFO] CurrentProfilePath: C:\Users\ZCpU0\OneDrive\Documents\GitHub\Visual Based Web Markup IDE\Visual Based Web Markup IDE\VWIDE\VWIDE\bin\Debug\net9.0-windows\VWIDE.exe.WebView2\EBWebView\Default
2026-08-24 10:09:27.788: [INFO] Profiles total count: 1
2026-08-24 10:09:27.789: [INFO] Profile: name=Profile 1 path=C:\Users\ZCpU0\OneDrive\Documents\GitHub\Visual Based Web Markup IDE\Visual Based Web Markup IDE\VWIDE\VWIDE\bin\Debug\net9.0-windows\VWIDE.exe.WebView2\EBWebView\Default lastActive=2026-07-27T13:49:19.593Z
2026-08-24 10:09:27.789: [INFO] LastUsedProfileDir: C:\Users\ZCpU0\OneDrive\Documents\GitHub\Visual Based Web Markup IDE\Visual Based Web Markup IDE\VWIDE\VWIDE\bin\Debug\net9.0-windows\VWIDE.exe.WebView2\EBWebView\Default
2026-08-24 10:09:27.789: [INFO] MostRecentlyActiveProfile: name=Profile 1 path=C:\Users\ZCpU0\OneDrive\Documents\GitHub\Visual Based Web Markup IDE\Visual Based Web Markup IDE\VWIDE\VWIDE\bin\Debug\net9.0-windows\VWIDE.exe.WebView2\EBWebView\Default lastActive=2026-07-27T13:49:19.593Z
2026-08-24 10:09:27.789: [INFO] OnDoneLoading sync enabled: 0
2026-08-24 10:09:27.789: [INFO] BookmarkModelLoaded, ids_reassigned: 0
2026-08-24 10:09:27.789: [INFO] BookmarksLoadDropped droppedNodes=0
2026-08-24 10:09:27.789: [INFO] BookmarksSnapshot Startup total=0 bar=0 other=0 mobile=0 showBar=0 showBarNTP=1
2026-08-24 10:26:48.989: [INFO] BookmarksSnapshot Shutdown total=0 bar=0 other=0 mobile=0 showBar=0 showBarNTP=1
2026-08-24 10:30:59.528: [INFO] CurrentProfilePath: C:\Users\ZCpU0\OneDrive\Documents\GitHub\Visual Based Web Markup IDE\Visual Based Web Markup IDE\VWIDE\VWIDE\bin\Debug\net9.0-windows\VWIDE.exe.WebView2\EBWebView\Default
2026-08-24 10:30:59.528: [INFO] Profiles total count: 1
2026-08-24 10:30:59.528: [INFO] Profile: name=Profile 1 path=C:\Users\ZCpU0\OneDrive\Documents\GitHub\Visual Based Web Markup IDE\Visual Based Web Markup IDE\VWIDE\VWIDE\bin\Debug\net9.0-windows\VWIDE.exe.WebView2\EBWebView\Default lastActive=2026-07-27T13:49:19.593Z
2026-08-24 10:30:59.528: [INFO] LastUsedProfileDir: C:\Users\ZCpU0\OneDrive\Documents\GitHub\Visual Based Web Markup IDE\Visual Based Web Markup IDE\VWIDE\VWIDE\bin\Debug\net9.0-windows\VWIDE.exe.WebView2\EBWebView\Default
2026-08-24 10:30:59.529: [INFO] MostRecentlyActiveProfile: name=Profile 1 path=C:\Users\ZCpU0\OneDrive\Documents\GitHub\Visual Based Web Markup IDE\Visual Based Web Markup IDE\VWIDE\VWIDE\bin\Debug\net9.0-windows\VWIDE.exe.WebView2\EBWebView\Default lastActive=2026-07-27T13:49:19.593Z
2026-08-24 10:30:59.529: [INFO] OnDoneLoading sync enabled: 0
2026-08-24 10:30:59.529: [INFO] BookmarkModelLoaded, ids_reassigned: 0
2026-08-24 10:30:59.529: [INFO] BookmarksLoadDropped droppedNodes=0
2026-08-24 10:30:59.529: [INFO] BookmarksSnapshot Startup total=0 bar=0 other=0 mobile=0 showBar=0 showBarNTP=1
2026-08-24 10:32:32.011: [INFO] BookmarksSnapshot Shutdown total=0 bar=0 other=0 mobile=0 showBar=0 showBarNTP=1
2026-08-24 10:37:51.742: [INFO] CurrentProfilePath: C:\Users\ZCpU0\OneDrive\Documents\GitHub\Visual Based Web Markup IDE\Visual Based Web Markup IDE\VWIDE\VWIDE\bin\Debug\net9.0-windows\VWIDE.exe.WebView2\EBWebView\Default
2026-08-24 10:37:51.742: [INFO] Profiles total count: 1
2026-08-24 10:37:51.743: [INFO] Profile: name=Profile 1 path=C:\Users\ZCpU0\OneDrive\Documents\GitHub\Visual Based Web Markup IDE\Visual Based Web Markup IDE\VWIDE\VWIDE\bin\Debug\net9.0-windows\VWIDE.exe.WebView2\EBWebView\Default lastActive=2026-07-27T13:49:19.593Z
2026-08-24 10:37:51.743: [INFO] LastUsedProfileDir: C:\Users\ZCpU0\OneDrive\Documents\GitHub\Visual Based Web Markup IDE\Visual Based Web Markup IDE\VWIDE\VWIDE\bin\Debug\net9.0-windows\VWIDE.exe.WebView2\EBWebView\Default
2026-08-24 10:37:51.743: [INFO] MostRecentlyActiveProfile: name=Profile 1 path=C:\Users\ZCpU0\OneDrive\Documents\GitHub\Visual Based Web Markup IDE\Visual Based Web Markup IDE\VWIDE\VWIDE\bin\Debug\net9.0-windows\VWIDE.exe.WebView2\EBWebView\Default lastActive=2026-07-27T13:49:19.593Z
2026-08-24 10:37:51.743: [INFO] OnDoneLoading sync enabled: 0
2026-08-24 10:37:51.743: [INFO] BookmarkModelLoaded, ids_reassigned: 0
2026-08-24 10:37:51.743: [INFO] BookmarksLoadDropped droppedNodes=0
2026-08-24 10:37:51.743: [INFO] BookmarksSnapshot Startup total=0 bar=0 other=0 mobile=0 showBar=0 showBarNTP=1
2026-08-24 10:52:56.408: [INFO] BookmarksSnapshot Shutdown total=0 bar=0 other=0 mobile=0 showBar=0 showBarNTP=1
